// Jest Snapshot v1, https://goo.gl/fbAQLP

exports[`renders homepage unchanged 1`] = `
<div>
  <div>
    <main
      class="flex items-center justify-center h-screen bg-blue-300"
    >
      <div
        class="flex items-center flex-col bg-white w-96 rounded-lg"
      >
        <div
          class="p-8"
        >
          <button
            class="bg-transparent hover:bg-blue-500 text-blue-700 font-semibold hover:text-white py-2 px-4 border border-blue-500 hover:border-transparent rounded"
            type="button"
          >
            Use device location
          </button>
        </div>
      </div>
    </main>
  </div>
</div>
`;
